2026-10-09 13:21:52,665 INFO o.a.j.u.JMeterUtils: Setting Locale to en_EN
2026-10-09 13:21:52,675 INFO o.a.j.JMeter: Loading user properties from: /opt/homebrew/Cellar/jmeter/5.6.3/libexec/bin/user.properties
2026-10-09 13:21:52,676 INFO o.a.j.JMeter: Loading system properties from: /opt/homebrew/Cellar/jmeter/5.6.3/libexec/bin/system.properties
2026-10-09 13:21:52,676 INFO o.a.j.JMeter: Setting JMeter property: users=1
2026-10-09 13:21:52,676 INFO o.a.j.JMeter: Setting JMeter property: rampup=1
2026-10-09 13:21:52,676 INFO o.a.j.JMeter: Setting JMeter property: loops=1
2026-10-09 13:21:52,678 INFO o.a.j.JMeter: Copyright (c) 1998-2024 The Apache Software Foundation
2026-10-09 13:21:52,678 INFO o.a.j.JMeter: Version 5.6.3
2026-10-09 13:21:52,678 INFO o.a.j.JMeter: java.version=21.0.12.1
2026-10-09 13:21:52,679 INFO o.a.j.JMeter: java.vm.name=OpenJDK 64-Bit Server VM
2026-10-09 13:21:52,679 INFO o.a.j.JMeter: os.name=Mac OS X
2026-10-09 13:21:52,679 INFO o.a.j.JMeter: os.arch=aarch64
2026-10-09 13:21:52,679 INFO o.a.j.JMeter: os.version=26.6.2
2026-10-09 13:21:52,679 INFO o.a.j.JMeter: file.encoding=UTF-8
2026-10-09 13:21:52,679 INFO o.a.j.JMeter: java.awt.headless=true
2026-10-09 13:21:52,679 INFO o.a.j.JMeter: Max memory     =1073741824
2026-10-09 13:21:52,679 INFO o.a.j.JMeter: Available Processors =10
2026-10-09 13:21:52,683 INFO o.a.j.JMeter: Default Locale=English (EN)
2026-10-09 13:21:52,683 INFO o.a.j.JMeter: JMeter  Locale=English (EN)
2026-10-09 13:21:52,683 INFO o.a.j.JMeter: JMeterHome=/opt/homebrew/Cellar/jmeter/5.6.3/libexec
2026-10-09 13:21:52,683 INFO o.a.j.JMeter: user.dir  =/Users/harshanapremarathna/Jmeter/jmeter-performance-demo
2026-10-09 13:21:52,683 INFO o.a.j.JMeter: PWD       =/Users/harshanapremarathna/Jmeter/jmeter-performance-demo
2026-10-09 13:21:52,686 INFO o.a.j.JMeter: IP: 127.0.0.1 Name: Harshanas-MacBook-Air.local FullName: localhost
2026-10-09 13:21:52,692 INFO o.a.j.s.FileServer: Default base='/Users/harshanapremarathna/Jmeter/jmeter-performance-demo'
2026-10-09 13:21:52,692 INFO o.a.j.s.FileServer: Set new base='/Users/harshanapremarathna/Jmeter/jmeter-performance-demo'
2026-10-09 13:21:52,758 INFO o.a.j.s.SaveService: Testplan (JMX) version: 2.2. Testlog (JTL) version: 2.2
2026-10-09 13:21:52,771 INFO o.a.j.s.SaveService: Using SaveService properties version 5.0
2026-10-09 13:21:52,772 INFO o.a.j.s.SaveService: Using SaveService properties file encoding UTF-8
2026-10-09 13:21:52,773 INFO o.a.j.s.SaveService: Loading file: api-load-test.jmx
2026-10-09 13:21:52,796 INFO o.a.j.p.h.s.HTTPSamplerBase: Parser for text/html is org.apache.jmeter.protocol.http.parser.LagartoBasedHtmlParser
2026-10-09 13:21:52,796 INFO o.a.j.p.h.s.HTTPSamplerBase: Parser for application/xhtml+xml is org.apache.jmeter.protocol.http.parser.LagartoBasedHtmlParser
2026-10-09 13:21:52,796 INFO o.a.j.p.h.s.HTTPSamplerBase: Parser for application/xml is org.apache.jmeter.protocol.http.parser.LagartoBasedHtmlParser
2026-10-09 13:21:52,796 INFO o.a.j.p.h.s.HTTPSamplerBase: Parser for text/xml is org.apache.jmeter.protocol.http.parser.LagartoBasedHtmlParser
2026-10-09 13:21:52,796 INFO o.a.j.p.h.s.HTTPSamplerBase: Parser for text/vnd.wap.wml is org.apache.jmeter.protocol.http.parser.RegexpHTMLParser
2026-10-09 13:21:52,796 INFO o.a.j.p.h.s.HTTPSamplerBase: Parser for text/css is org.apache.jmeter.protocol.http.parser.CssParser
2026-10-09 13:21:52,831 INFO o.a.j.JMeter: Creating summariser <summary>
2026-10-09 13:21:52,836 INFO o.a.j.e.StandardJMeterEngine: Running the test!
2026-10-09 13:21:52,836 INFO o.a.j.s.SampleEvent: List of sample_variables: []
2026-10-09 13:21:52,836 INFO o.a.j.s.SampleEvent: List of sample_variables: []
2026-10-09 13:21:52,837 INFO o.a.j.e.u.CompoundVariable: Note: Function class names must contain the string: '.functions.'
2026-10-09 13:21:52,837 INFO o.a.j.e.u.CompoundVariable: Note: Function class names must not contain the string: '.gui.'
2026-10-09 13:21:52,862 INFO o.a.j.r.ClassFinder: Will scan jar /opt/homebrew/Cellar/jmeter/5.6.3/libexec/lib/ext/jmeter-plugins-manager-1.9.jar with filter ExtendsClassFilter [parents=[interface org.apache.jmeter.functions.Function], inner=false, contains=null, notContains=null]. Consider exposing JMeter plugins via META-INF/services, and add JMeter-Skip-Class-Scanning=true manifest attribute so JMeter can skip classfile scanning
2026-10-09 13:21:52,894 INFO o.a.j.JMeter: Running test (1791505312894)
2026-10-09 13:21:52,901 INFO o.a.j.e.StandardJMeterEngine: Starting ThreadGroup: 1 : API Load Test
2026-10-09 13:21:52,901 INFO o.a.j.e.StandardJMeterEngine: Starting 1 threads for group API Load Test.
2026-10-09 13:21:52,901 INFO o.a.j.e.StandardJMeterEngine: Thread will continue on error
2026-10-09 13:21:52,901 INFO o.a.j.t.ThreadGroup: Starting thread group... number=1 threads=1 ramp-up=1 delayedStart=false
2026-10-09 13:21:52,902 INFO o.a.j.t.ThreadGroup: Started thread group number 1
2026-10-09 13:21:52,902 INFO o.a.j.e.StandardJMeterEngine: All thread groups have been started
2026-10-09 13:21:52,903 INFO o.a.j.s.SampleResult: Note: Sample TimeStamps are START times
2026-10-09 13:21:52,903 INFO o.a.j.s.SampleResult: sampleresult.default.encoding is set to UTF-8
2026-10-09 13:21:52,903 INFO o.a.j.s.SampleResult: sampleresult.useNanoTime=true
2026-10-09 13:21:52,904 INFO o.a.j.s.SampleResult: sampleresult.nanoThreadSleep=5000
2026-10-09 13:21:52,930 INFO o.a.j.t.JMeterThread: Thread started: API Load Test 1-1
2026-10-09 13:21:52,930 INFO o.a.j.s.FileServer: Stored: /Users/harshanapremarathna/Jmeter/jmeter-performance-demo/data/users.csv
2026-10-09 13:21:52,941 INFO o.a.j.p.h.s.HTTPHCAbstractImpl: Local host = Harshanas-MacBook-Air.local
2026-10-09 13:21:52,943 INFO o.a.j.p.h.s.HTTPHC4Impl: HTTP request retry count = 0
2026-10-09 13:21:53,247 INFO o.a.j.p.h.s.h.LazyLayeredConnectionSocketFactory: Setting up HTTPS TrustAll Socket Factory
2026-10-09 13:21:53,249 INFO o.a.j.u.JsseSSLManager: Using default SSL protocol: TLS
2026-10-09 13:21:53,249 INFO o.a.j.u.JsseSSLManager: SSL session context: per-thread
2026-10-09 13:21:53,282 INFO o.a.j.u.SSLManager: JmeterKeyStore Location:  type JKS
2026-10-09 13:21:53,283 INFO o.a.j.u.SSLManager: KeyStore created OK
2026-10-09 13:21:53,283 WARN o.a.j.u.SSLManager: Keystore file not found, loading empty keystore
2026-10-09 13:21:53,995 INFO o.a.j.t.JMeterThread: Thread is done: API Load Test 1-1
2026-10-09 13:21:53,996 INFO o.a.j.t.JMeterThread: Thread finished: API Load Test 1-1
2026-10-09 13:21:54,002 INFO o.a.j.e.StandardJMeterEngine: Notifying test listeners of end of test
2026-10-09 13:21:54,002 INFO o.a.j.s.FileServer: Close: /Users/harshanapremarathna/Jmeter/jmeter-performance-demo/data/users.csv
2026-10-09 13:21:54,005 INFO o.a.j.r.Summariser: summary =      2 in 00:00:01 =    1.8/s Avg:   493 Min:   237 Max:   750 Err:     0 (0.00%)
